
R version 4.5.2 (2025-10-31) -- "[Not] Part in a Rumble"
Copyright (C) 2025 The R Foundation for Statistical Computing
Platform: aarch64-apple-darwin20

R is free software and comes with ABSOLUTELY NO WARRANTY.
You are welcome to redistribute it under certain conditions.
Type 'license()' or 'licence()' for distribution details.

R is a collaborative project with many contributors.
Type 'contributors()' for more information and
'citation()' on how to cite R or R packages in publications.

Type 'demo()' for some demos, 'help()' for on-line help, or
'help.start()' for an HTML browser interface to help.
Type 'q()' to quit R.

> library(phybaseR)
> 
> # Reproduce mixed distribution bug
> set.seed(123)
> N <- 40
> df <- data.frame(
+     SP = paste0("sp", 1:N),
+     Y_cont = rnorm(N, mean = 10, sd = 2),
+     Y_count = rpois(N, lambda = 5),
+     X = rnorm(N)
+ )
> 
> cat("Testing mixed distribution model...\n")
Testing mixed distribution model...
> fit <- phybase_run(
+     data = df,
+     id_col = "SP",
+     equations = list(
+         Y_cont ~ X,
+         Y_count ~ X
+     ),
+     distribution = list(
+         Y_cont = "gaussian",
+         Y_count = "poisson"
+     ),
+     WAIC = TRUE,
+     n.chains = 2,
+     n.iter = 500,
+     quiet = FALSE
+ )
No structure/tree provided. Running standard (non-phylogenetic) SEM.
No tree provided. Running standard (non-phylogenetic) SEM.
Converted data.frame to list with 3 variables: Y_cont, X, Y_count
Monitoring 2 pointwise log-likelihood parameter(s) for WAIC
Compiling model graph
   Resolving undeclared variables
   Allocating nodes
Graph information:
   Observed stochastic nodes: 80
   Unobserved stochastic nodes: 46
   Total graph size: 2052

Initializing model

Warning messages:
1: In rjags::jags.model(model_file, data = data, n.chains = n.chains,  :
  Unused variable "ID2" in data
2: In phybase_waic(result) :
  Only 80 MCMC samples available. Standard errors may be unreliable. Consider using more iterations.
> 
> cat("\n✓ SUCCESS!\n")

✓ SUCCESS!
> print(fit$WAIC)
WAIC with Standard Errors
-------------------------
N = 80 observations, 80 MCMC samples

          Estimate  SE
elpd_waic   -171.9 4.6
p_waic        12.3 1.4
waic         343.9 9.3

Interpretation:
  - Lower WAIC indicates better model fit
  - Compare models: difference significant if |WAIC1 - WAIC2| > 2*SE_diff
  - p_waic estimates effective number of parameters
> 
> proc.time()
   user  system elapsed 
  0.811   0.088   0.988 
