
R version 4.5.2 (2025-10-31) -- "[Not] Part in a Rumble"
Copyright (C) 2025 The R Foundation for Statistical Computing
Platform: aarch64-apple-darwin20

R is free software and comes with ABSOLUTELY NO WARRANTY.
You are welcome to redistribute it under certain conditions.
Type 'license()' or 'licence()' for distribution details.

R is a collaborative project with many contributors.
Type 'contributors()' for more information and
'citation()' on how to cite R or R packages in publications.

Type 'demo()' for some demos, 'help()' for on-line help, or
'help.start()' for an HTML browser interface to help.
Type 'q()' to quit R.

> library(phybaseR)
> library(ape)
> 
> # Test WAIC with standard errors
> set.seed(42)
> N <- 30
> tree <- rtree(N)
> 
> df <- data.frame(
+     SP = tree$tip.label,
+     Y = rnorm(N, mean = 10, sd = 2),
+     X = rnorm(N)
+ )
> 
> cat("=== Testing WAIC with Standard Errors ===\n\n")
=== Testing WAIC with Standard Errors ===

> 
> cat("Fitting model with WAIC=TRUE...\n")
Fitting model with WAIC=TRUE...
> fit <- phybase_run(
+     data = df,
+     structure = tree,
+     id_col = "SP",
+     equations = list(Y ~ X),
+     WAIC = TRUE,
+     n.chains = 2,
+     n.iter = 500,
+     quiet = TRUE
+ )
Warning messages:
1: In rjags::jags.model(model_file, data = data, n.chains = n.chains,  :
  Unused variable "ID2" in data
2: In phybase_waic(result) :
  Only 80 MCMC samples available. Standard errors may be unreliable. Consider using more iterations.
> 
> cat("\n=== WAIC Results ===\n")

=== WAIC Results ===
> print(fit$WAIC)
WAIC with Standard Errors
-------------------------
N = 30 observations, 80 MCMC samples

          Estimate  SE
elpd_waic    -64.2 5.0
p_waic        11.2 3.3
waic         128.5 9.9

Interpretation:
  - Lower WAIC indicates better model fit
  - Compare models: difference significant if |WAIC1 - WAIC2| > 2*SE_diff
  - p_waic estimates effective number of parameters
> 
> cat("\n=== Checking Structure ===\n")

=== Checking Structure ===
> cat("Class:", class(fit$WAIC), "\n")
Class: waic data.frame 
> cat("Columns:", paste(colnames(fit$WAIC), collapse = ", "), "\n")
Columns: Estimate, SE 
> cat("Row names:", paste(rownames(fit$WAIC), collapse = ", "), "\n")
Row names: elpd_waic, p_waic, waic 
> 
> cat("\n=== Checking Attributes ===\n")

=== Checking Attributes ===
> pointwise <- attr(fit$WAIC, "pointwise")
> if (!is.null(pointwise)) {
+     cat("✓ Pointwise values stored\n")
+     cat("  Dimensions:", nrow(pointwise), "observations\n")
+     cat("  Columns:", paste(colnames(pointwise), collapse = ", "), "\n")
+ } else {
+     cat("✗ No pointwise values found\n")
+ }
✓ Pointwise values stored
  Dimensions: 30 observations
  Columns: elpd_waic, p_waic, waic 
> 
> dims <- attr(fit$WAIC, "dims")
> if (!is.null(dims)) {
+     cat(
+         "✓ Dimensions stored:",
+         paste(names(dims), "=", dims, collapse = ", "),
+         "\n"
+     )
+ }
✓ Dimensions stored: n_obs = 30, n_samples = 80 
> 
> cat("\n=== Verification ===\n")

=== Verification ===
> # Check that SE values are positive
> if (all(fit$WAIC$SE > 0)) {
+     cat("✓ PASS: All standard errors are positive\n")
+ } else {
+     cat("✗ FAIL: Some standard errors are not positive\n")
+ }
✓ PASS: All standard errors are positive
> 
> # Check that WAIC is computed correctly
> waic_manual <- -2 * fit$WAIC["elpd_waic", "Estimate"]
> waic_actual <- fit$WAIC["waic", "Estimate"]
> if (abs(waic_manual - waic_actual) < 0.1) {
+     cat("✓ PASS: WAIC = -2 * elpd_waic (correct formula)\n")
+ } else {
+     cat("✗ FAIL: WAIC formula incorrect\n")
+     cat("  Expected:", waic_manual, "Got:", waic_actual, "\n")
+ }
✓ PASS: WAIC = -2 * elpd_waic (correct formula)
> 
> cat("\n=== Testing Model Comparison ===\n")

=== Testing Model Comparison ===
> # Fit a simpler model
> fit_null <- phybase_run(
+     data = df,
+     structure = tree,
+     id_col = "SP",
+     equations = list(Y ~ 1),
+     WAIC = TRUE,
+     n.chains = 2,
+     n.iter = 500,
+     quiet = TRUE
+ )
Warning messages:
1: In rjags::jags.model(model_file, data = data, n.chains = n.chains,  :
  Unused variable "ID2" in data
2: In phybase_waic(result) :
  Only 80 MCMC samples available. Standard errors may be unreliable. Consider using more iterations.
> 
> cat("\nModel 1 (Y ~ X):\n")

Model 1 (Y ~ X):
> print(fit$WAIC)
WAIC with Standard Errors
-------------------------
N = 30 observations, 80 MCMC samples

          Estimate  SE
elpd_waic    -64.2 5.0
p_waic        11.2 3.3
waic         128.5 9.9

Interpretation:
  - Lower WAIC indicates better model fit
  - Compare models: difference significant if |WAIC1 - WAIC2| > 2*SE_diff
  - p_waic estimates effective number of parameters
> 
> cat("\nModel 2 (Y ~ 1, null model):\n")

Model 2 (Y ~ 1, null model):
> print(fit_null$WAIC)
WAIC with Standard Errors
-------------------------
N = 30 observations, 80 MCMC samples

          Estimate   SE
elpd_waic    -62.7  5.0
p_waic        10.1  3.2
waic         125.4 10.1

Interpretation:
  - Lower WAIC indicates better model fit
  - Compare models: difference significant if |WAIC1 - WAIC2| > 2*SE_diff
  - p_waic estimates effective number of parameters
> 
> # Compare models
> waic_diff <- fit$WAIC["waic", "Estimate"] - fit_null$WAIC["waic", "Estimate"]
> se_diff <- sqrt(fit$WAIC["waic", "SE"]^2 + fit_null$WAIC["waic", "SE"]^2)
> 
> cat("\n=== Model Comparison ===\n")

=== Model Comparison ===
> cat("WAIC difference:", round(waic_diff, 1), "±", round(se_diff, 1), "\n")
WAIC difference: 3 ± 14.1 
> cat("Ratio |diff|/SE:", round(abs(waic_diff) / se_diff, 2), "\n")
Ratio |diff|/SE: 0.21 
> 
> if (abs(waic_diff) > 2 * se_diff) {
+     cat("✓ Models are significantly different (|diff| > 2*SE)\n")
+     if (waic_diff < 0) {
+         cat("  → Model 1 (Y ~ X) is preferred\n")
+     } else {
+         cat("  → Model 2 (null) is preferred\n")
+     }
+ } else {
+     cat("  Models are not significantly different\n")
+ }
  Models are not significantly different
> 
> cat("\n=== Summary ===\n")

=== Summary ===
> cat("WAIC with SE implementation: SUCCESS!\n")
WAIC with SE implementation: SUCCESS!
> cat("Following Vehtari et al. (2017) algorithm ✓\n")
Following Vehtari et al. (2017) algorithm ✓
> 
> proc.time()
   user  system elapsed 
  0.999   0.083   1.229 
